// Jest Snapshot v1, https://goo.gl/fbAQLP

exports[`App2 component Render magnificent monkeys 1`] = `
<div>
  <button
    type="button"
  >
    Click Me
  </button>
  <h1>
    Magnificent Monkeys
  </h1>
</div>
`;
